Script started on 2020-04-12 16:28:18-0700
sulliv81@cf164-17:~/csci241$ gradle run --args="241"


[1A[1m> Connecting to Daemon[m[22D[1B[2A[1m<[0;1m-------------> 0% EXECUTING [70ms][m[35D[1B[1m> :compileJava[m[0K[14D[1B[2A[0K
[1m> Task :run[m[0K
Hello, world!

[32;1mBUILD SUCCESSFUL[0;39m in 452ms
2 actionable tasks: 1 executed, 1 up-to-date
[0K
[0K
[2A[1m<[0;1m-------------> 0% WAITING[m[26D[1B[1m> :compileJava[m[14D[1B[2A[2K[1B[2K[1A[0m[?12l[?25hsulliv81@cf164-17:~/csci241$ gradle run --args="241"[K[K[K[K[K241


[2A[1m<[0;32;1m=========[0;39;1m----> 75% EXECUTING [65ms][m[36D[1B[1m> :run[m[6D[1B[2A[0K
[1m> Task :run[m
Hello, world!

[32;1mBUILD SUCCESSFUL[0;39m in 429ms
2 actionable tasks: 1 executed, 1 up-to-date
[0K
[0K
[2A[1m<[0;1m-------------> 0% WAITING[m[26D[1B[1m> :run[m[6D[1B[2A[2K[1B[2K[1A[0m[?12l[?25hsulliv81@cf164-17:~/csci241$ gradle run --args=241"241"it clone https://github.com/csci241-20s/lab-1-sulliv81 ~/csci241241repocsci241
fatal: destination path '/home/sulliv81/csci241' already exists and is not an empty directory.
sulliv81@cf164-17:~/csci241$ git clone https://github.com/csci241-20s/lab-1-sulliv81 ~/csci241
fatal: destination path '/home/sulliv81/csci241' already exists and is not an empty directory.
sulliv81@cf164-17:~/csci241$ git clone https://github.com/csci241-20s/lab-1-sulliv81 ~/csci241[C[C[C[C[C[C[C[C[C[C[C[C[C[C[C[C[C[C[C[C[C[C[C[C[C[C[C[C[C[Cradle run --args=241[K"241"[2P241it clone https://github.com/csci241-20s/lab-1-sulliv81 ~/csci241workingCo[K[Kcopy
Cloning into '/home/sulliv81/csci241workingcopy'...
remote: Enumerating objects: 16, done.[K
remote: Counting objects:   6% (1/16)[Kremote: Counting objects:  12% (2/16)[Kremote: Counting objects:  18% (3/16)[Kremote: Counting objects:  25% (4/16)[Kremote: Counting objects:  31% (5/16)[Kremote: Counting objects:  37% (6/16)[Kremote: Counting objects:  43% (7/16)[Kremote: Counting objects:  50% (8/16)[Kremote: Counting objects:  56% (9/16)[Kremote: Counting objects:  62% (10/16)[Kremote: Counting objects:  68% (11/16)[Kremote: Counting objects:  75% (12/16)[Kremote: Counting objects:  81% (13/16)[Kremote: Counting objects:  87% (14/16)[Kremote: Counting objects:  93% (15/16)[Kremote: Counting objects: 100% (16/16)[Kremote: Counting objects: 100% (16/16), done.[K
remote: Compressing objects:  10% (1/10)[Kremote: Compressing objects:  20% (2/10)[Kremote: Compressing objects:  30% (3/10)[Kremote: Compressing objects:  40% (4/10)[Kremote: Compressing objects:  50% (5/10)[Kremote: Compressing objects:  60% (6/10)[Kremote: Compressing objects:  70% (7/10)[Kremote: Compressing objects:  80% (8/10)[Kremote: Compressing objects:  90% (9/10)[Kremote: Compressing objects: 100% (10/10)[Kremote: Compressing objects: 100% (10/10), done.[K
remote: Total 16 (delta 3), reused 2 (delta 0), pack-reused 0[K
Unpacking objects:   6% (1/16)   Unpacking objects:  12% (2/16)   Unpacking objects:  18% (3/16)   Unpacking objects:  25% (4/16)   Unpacking objects:  31% (5/16)   Unpacking objects:  37% (6/16)   Unpacking objects:  43% (7/16)   Unpacking objects:  50% (8/16)   Unpacking objects:  56% (9/16)   Unpacking objects:  62% (10/16)   Unpacking objects:  68% (11/16)   Unpacking objects:  75% (12/16)   Unpacking objects:  81% (13/16)   Unpacking objects:  87% (14/16)   Unpacking objects:  93% (15/16)   Unpacking objects: 100% (16/16)   Unpacking objects: 100% (16/16), done.
sulliv81@cf164-17:~/csci241$ git clone https://github.com/csci241-20s/lab-1-sulliv81 ~/csci241workingcopy[1P/csci241workingcopy
fatal: could not create work tree dir '/csci241workingcopy': Permission denied
sulliv81@cf164-17:~/csci241$ git clone https://github.com/csci241-20s/lab-1-sulliv81 /csci241workingcopyh/csci241workingcopyo/csci241workingcopym/csci241workingcopye/csci241workingcopy
Cloning into 'home/csci241workingcopy'...
remote: Enumerating objects: 16, done.[K
remote: Counting objects:   6% (1/16)[Kremote: Counting objects:  12% (2/16)[Kremote: Counting objects:  18% (3/16)[Kremote: Counting objects:  25% (4/16)[Kremote: Counting objects:  31% (5/16)[Kremote: Counting objects:  37% (6/16)[Kremote: Counting objects:  43% (7/16)[Kremote: Counting objects:  50% (8/16)[Kremote: Counting objects:  56% (9/16)[Kremote: Counting objects:  62% (10/16)[Kremote: Counting objects:  68% (11/16)[Kremote: Counting objects:  75% (12/16)[Kremote: Counting objects:  81% (13/16)[Kremote: Counting objects:  87% (14/16)[Kremote: Counting objects:  93% (15/16)[Kremote: Counting objects: 100% (16/16)[Kremote: Counting objects: 100% (16/16), done.[K
remote: Compressing objects:  10% (1/10)[Kremote: Compressing objects:  20% (2/10)[Kremote: Compressing objects:  30% (3/10)[Kremote: Compressing objects:  40% (4/10)[Kremote: Compressing objects:  50% (5/10)[Kremote: Compressing objects:  60% (6/10)[Kremote: Compressing objects:  70% (7/10)[Kremote: Compressing objects:  80% (8/10)[Kremote: Compressing objects:  90% (9/10)[Kremote: Compressing objects: 100% (10/10)[Kremote: Compressing objects: 100% (10/10), done.[K
remote: Total 16 (delta 3), reused 2 (delta 0), pack-reused 0[K
Unpacking objects:   6% (1/16)   Unpacking objects:  12% (2/16)   Unpacking objects:  18% (3/16)   Unpacking objects:  25% (4/16)   Unpacking objects:  31% (5/16)   Unpacking objects:  37% (6/16)   Unpacking objects:  43% (7/16)   Unpacking objects:  50% (8/16)   Unpacking objects:  56% (9/16)   Unpacking objects:  62% (10/16)   Unpacking objects:  68% (11/16)   Unpacking objects:  75% (12/16)   Unpacking objects:  81% (13/16)   Unpacking objects:  87% (14/16)   Unpacking objects:  93% (15/16)   Unpacking objects: 100% (16/16)   Unpacking objects: 100% (16/16), done.
sulliv81@cf164-17:~/csci241$ git clone https://github.com/csci241-20s/lab-1-sulliv81 home/csci241workingcopyucsci241workingcopyscsci241workingcopyecsci241workingcopyrcsci241workingcopyscsci241workingcopy.csci241workingcopy[1Pcsci241workingcopy/csci241workingcopyscsci241workingcopyocsci241workingcopydcsci241workingcopyocsci241workingcopy_csci241workingcopy/csci241workingcopy [A[C[C[C[C[C[C[C[C[C[C[C[C[C[C[C[C[C[C[C[C[C[C[C[C[C[C[C[C[C[C[C[C[C[C[C[C[C[C[C[C[C[C[C[C[C[C[C[C[C[C[C[C[C[C[C[C[C[C[C[C[C[C[C[C[C[C[C[C[C[C[C[C[C[C[C[C[C[C[C[C[C[C[C[C[C[C[C[C[C[C[C[C[C[C[C[C[C[C[C[C[C

Cloning into 'home/users/sodo_/csci241workingcopy'...
remote: Enumerating objects: 16, done.[K
remote: Counting objects:   6% (1/16)[Kremote: Counting objects:  12% (2/16)[Kremote: Counting objects:  18% (3/16)[Kremote: Counting objects:  25% (4/16)[Kremote: Counting objects:  31% (5/16)[Kremote: Counting objects:  37% (6/16)[Kremote: Counting objects:  43% (7/16)[Kremote: Counting objects:  50% (8/16)[Kremote: Counting objects:  56% (9/16)[Kremote: Counting objects:  62% (10/16)[Kremote: Counting objects:  68% (11/16)[Kremote: Counting objects:  75% (12/16)[Kremote: Counting objects:  81% (13/16)[Kremote: Counting objects:  87% (14/16)[Kremote: Counting objects:  93% (15/16)[Kremote: Counting objects: 100% (16/16)[Kremote: Counting objects: 100% (16/16), done.[K
remote: Compressing objects:  10% (1/10)[Kremote: Compressing objects:  20% (2/10)[Kremote: Compressing objects:  30% (3/10)[Kremote: Compressing objects:  40% (4/10)[Kremote: Compressing objects:  50% (5/10)[Kremote: Compressing objects:  60% (6/10)[Kremote: Compressing objects:  70% (7/10)[Kremote: Compressing objects:  80% (8/10)[Kremote: Compressing objects:  90% (9/10)[Kremote: Compressing objects: 100% (10/10)[Kremote: Compressing objects: 100% (10/10), done.[K
remote: Total 16 (delta 3), reused 2 (delta 0), pack-reused 0[K
Unpacking objects:   6% (1/16)   Unpacking objects:  12% (2/16)   Unpacking objects:  18% (3/16)   Unpacking objects:  25% (4/16)   Unpacking objects:  31% (5/16)   Unpacking objects:  37% (6/16)   Unpacking objects:  43% (7/16)   Unpacking objects:  50% (8/16)   Unpacking objects:  56% (9/16)   Unpacking objects:  62% (10/16)   Unpacking objects:  68% (11/16)   Unpacking objects:  75% (12/16)   Unpacking objects:  81% (13/16)   Unpacking objects:  87% (14/16)   Unpacking objects:  93% (15/16)   Unpacking objects: 100% (16/16)   Unpacking objects: 100% (16/16), done.
sulliv81@cf164-17:~/csci241$ git clone https://github.com/csci241-20s/lab-1-sulliv81 home/users/sodo_/csci241workingcopy [A[C[C[C[C[C[C[C[C[C[C[C[C[C[C[C[C[C[C[C[C[C[C[C[C[C[C[C[C[C[C[C[C[C[C[C[C[C[C[C[C[C[C[C[C[C[C[C[C[C[C[C[C[C[C[C[C[C[C[C[C[C[C[C[C[C[C[C[C[C[C[C[C[C[C[C[C[C[C[C[C[C[C[C[C[C[C[C[C[C[C[C[C[C[C[C[C[C[C[C[C[C[C[C[C[C[C[C[C[C[C[C[C[C[C[C[C[C[C[C[1P/users/sodo_/csci241workingcopy
[K[A[C[C[C[C[C[C[C[C[C[C[C[C[C[C[C[C[C[C[C[C[C[C[C[C[C[C[C[C[C[C[C[C[C[C[C[C[C[C[C[C[C[C[C[C[C[C[C[C[C[C[C[C[C[C[C[C[C[C[C[C[C[C[C[C[C[C[C[C[C[C[C[C[C[C[C[C[C[C[C[C[C[C[C[C[C[C[C[C[1P/users/sodo_/csci241workingcopy[1P/users/sodo_/csci241workingcopy[1P/users/sodo_/csci241workingcopy~/users/sodo_/csci241workingcopy
Cloning into '/home/sulliv81/users/sodo_/csci241workingcopy'...
remote: Enumerating objects: 16, done.[K
remote: Counting objects:   6% (1/16)[Kremote: Counting objects:  12% (2/16)[Kremote: Counting objects:  18% (3/16)[Kremote: Counting objects:  25% (4/16)[Kremote: Counting objects:  31% (5/16)[Kremote: Counting objects:  37% (6/16)[Kremote: Counting objects:  43% (7/16)[Kremote: Counting objects:  50% (8/16)[Kremote: Counting objects:  56% (9/16)[Kremote: Counting objects:  62% (10/16)[Kremote: Counting objects:  68% (11/16)[Kremote: Counting objects:  75% (12/16)[Kremote: Counting objects:  81% (13/16)[Kremote: Counting objects:  87% (14/16)[Kremote: Counting objects:  93% (15/16)[Kremote: Counting objects: 100% (16/16)[Kremote: Counting objects: 100% (16/16), done.[K
remote: Compressing objects:  10% (1/10)[Kremote: Compressing objects:  20% (2/10)[Kremote: Compressing objects:  30% (3/10)[Kremote: Compressing objects:  40% (4/10)[Kremote: Compressing objects:  50% (5/10)[Kremote: Compressing objects:  60% (6/10)[Kremote: Compressing objects:  70% (7/10)[Kremote: Compressing objects:  80% (8/10)[Kremote: Compressing objects:  90% (9/10)[Kremote: Compressing objects: 100% (10/10)[Kremote: Compressing objects: 100% (10/10), done.[K
remote: Total 16 (delta 3), reused 2 (delta 0), pack-reused 0[K
Unpacking objects:   6% (1/16)   Unpacking objects:  12% (2/16)   Unpacking objects:  18% (3/16)   Unpacking objects:  25% (4/16)   Unpacking objects:  31% (5/16)   Unpacking objects:  37% (6/16)   Unpacking objects:  43% (7/16)   Unpacking objects:  50% (8/16)   Unpacking objects:  56% (9/16)   Unpacking objects:  62% (10/16)   Unpacking objects:  68% (11/16)   Unpacking objects:  75% (12/16)   Unpacking objects:  81% (13/16)   Unpacking objects:  87% (14/16)   Unpacking objects:  93% (15/16)   Unpacking objects: 100% (16/16)   Unpacking objects: 100% (16/16), done.
sulliv81@cf164-17:~/csci241$ ls
 build	        csci241    '~csci241lab1repo'   home		 settings.gradle   typescript
 build.gradle  '~csci241'   gradle	        lab-1-sulliv81	 src		   writeup.txt
sulliv81@cf164-17:~/csci241$ cdlsgit clone https://github.com/csci241-20s/lab-1-sulliv81 ~/users/sodo_/csci241workingcopyhome/users/sodo_/csci241workingcopy [A[C[C[C[C[C[C[C[C[C[C[C[C[C[C[C[C[C[C[C[C[C[C[C[C[C[C[C[C[C[C[C[C[C[C[C[C[C[C[C[C[C[C[C[C[C[C[C[C[C[C[C[C[C[C[C[C[C[C[C[C[C[C[C[C[C[C[C[C[C[C[C[C[C[C[C[C[C[C[C[C[C[C[C[C[C[C[C[C[C[C[12Pcsci241workingcopy
[K[A[C[C[C[C[C[C[C[C[C[C[C[C[C[C[C[C[C[C[C[C[C[C[C[C[C[C[C[C[C[C[C[C[C[C[C[C[C[C[C[C[C[C[C[C[C[C[C[C[C[C[C[C[C[C[C[C[C[C[C[C[C[C[C[C[C[C[C[C[C[C[C[C[C[C[C[C[C[C[C[C[C[C[C[C[C[C[C[C[C[C[C[C[C[C[C[C[C[C[C[C[C[C[C[C[C[C[C[C[4P/csci241workingcopy~/csci241workingcopy[K[C[C[C[C[C[C[C[C[C[C[C[C[C[C[C[C[C[C[C[C[C[C[C[C[C[C[C[C[C[Cradle run --args=241[K"241"it clone https://github.com/csci241-20s/lab-1-sulliv81 ~/csci241241repo[C[C[C[C[C[C[C[C[C[C[C[C[C[C[C[C[C[C[C[C[C[C[C[C[C[C[C[C[Cls -a[K[Kgit clone https://github.com/csci241-20s/lab-1-sulliv81 ~/csci241[C[C[C[C[C[C[C[C[C[C[C[C[C[C[C[C[C[C[C[C[C[C[C[C[C[C[C[C[C[C[C[C[C[Config user.name[Kpush[Kcommit -m "lots of stuff"ls[Ktouch writeup.txtls[Kgit commit -m "lots of stuff"push[Kconfig user.namelone https://github.com/csci241-20s/lab-1-sulliv81 ~/csci241[C[C[C[C[C[C[C[C[C[C[C[C[C[C[C[C[C[C[C[C[C[C[C[C[C[C[C[C[Cls[K -agit clone https://github.com/csci241-20s/lab-1-sulliv81 ~/241repocsci241[C[C[C[C[C[C[C[C[C[C[C[C[C[C[C[C[C[C[C[C[C[C[C[C[C[C[C[C[C[C[42Pradle run --args="241"[2P241it clone https://github.com/csci241-20s/lab-1-sulliv81 ~/csci241workingcopy[1P/csci241workingcopyhome/csci241workingcopyusers/sodo_/csci241workingcopy [A[C[C[C[C[C[C[C[C[C[C[C[C[C[C[C[C[C[C[C[C[C[C[C[C[C[C[C[C[C[C[C[C[C[C[C[C[C[C[C[C[C[C[C[C[C[C[C[C[C[C[C[C[C[C[C[C[C[C[C[C[C[C[C[C[C[C[C[C[C[C[C[C[C[C[C[C[C[C[C[C[C[C[C[C[C[3P~/users/sodo_/csci241workingcopy
[K[A[C[C[C[C[C[C[C[C[C[C[C[C[C[C[C[C[C[C[C[C[C[C[C[C[C[C[C[C[C[C[C[C[C[C[C[C[C[C[C[C[C[C[C[C[C[C[C[C[C[C[C[C[C[C[C[C[C[C[C[C[C[C[C[C[C[C[C[C[C[C[C[C[C[C[C[C[C[C[C[C[C[C[C[C[C[C[C[C[C[C[C[C[C[C[C[C[C[C[C[C[C[C[C[C[C[C[C[C[C[C[C[C[C[C[C[C[C[C[C[C[C[C[C[C[C[C[C[C[C[C[C[C[C[C[C[C[C[C[C[C[C[C[C[C[C[Cls[Kcd[K[Kpwd
/home/sulliv81/csci241
sulliv81@cf164-17:~/csci241$ g[Kcw [K[Kd ~/ lab-1-sulliv81-master
bash: cd: too many arguments
sulliv81@cf164-17:~/csci241$ cd ~/ lab-1-sulliv81-master[1P lab-1-sulliv81-master[C[1Plab-1-sulliv81-master/lab-1-sulliv81-master
bash: cd: /home/sulliv81/lab-1-sulliv81-master: No such file or directory
sulliv81@cf164-17:~/csci241$ cd ~/lab-1-sulliv81-masteru/lab-1-sulliv81-master[1P/lab-1-sulliv81-master[C/lab-1-sulliv81-masteru/lab-1-sulliv81-masters/lab-1-sulliv81-mastere/lab-1-sulliv81-masterr/lab-1-sulliv81-master[1P/lab-1-sulliv81-master[1P/lab-1-sulliv81-master[1P/lab-1-sulliv81-master[1P/lab-1-sulliv81-masterU/lab-1-sulliv81-masters/lab-1-sulliv81-mastere/lab-1-sulliv81-masterr/lab-1-sulliv81-masters/lab-1-sulliv81-master[C/lab-1-sulliv81-masters/lab-1-sulliv81-mastero/lab-1-sulliv81-masterd/lab-1-sulliv81-mastero/lab-1-sulliv81-master_/lab-1-sulliv81-master
bash: cd: /home/sulliv81/Users/sodo_/lab-1-sulliv81-master: No such file or directory
sulliv81@cf164-17:~/csci241$ cd ~/Users/sodo_/lab-1-sulliv81-master[K[K[K[K[K[K[K[K[K[K[K[K[K[K[K[K[K[K[K[K[K[K[K[K[K[K[K[K[K[K[K[K[K[K[KC:\Users\sodo_\lab-1-sulliv81-master
bash: cd: C:Userssodo_lab-1-sulliv81-master: No such file or directory
sulliv81@cf164-17:~/csci241$ cd C:\Users\sodo_\lab-1-sulliv81-master[1P\lab-1-sulliv81-master_\lab-1-sulliv81-master/\lab-1-sulliv81-master[C[1Plab-1-sulliv81-master[1PUsers\sodo_/lab-1-sulliv81-master?Users\sodo_/lab-1-sulliv81-master[1PUsers\sodo_/lab-1-sulliv81-master/Users\sodo_/lab-1-sulliv81-master[C[C[C[C[C[1P\sodo_/lab-1-sulliv81-masters\sodo_/lab-1-sulliv81-master[C[1Psodo_/lab-1-sulliv81-master?sodo_/lab-1-sulliv81-master[1Psodo_/lab-1-sulliv81-master/sodo_/lab-1-sulliv81-master
bash: cd: C:/Users/sodo_/lab-1-sulliv81-master: No such file or directory
sulliv81@cf164-17:~/csci241$ cd C:/Users/sodo_/lab-1-sulliv81-master[C/Users/sodo_/lab-1-sulliv81-master
bash: cd: C://Users/sodo_/lab-1-sulliv81-master: No such file or directory
sulliv81@cf164-17:~/csci241$ pwd
/home/sulliv81/csci241
sulliv81@cf164-17:~/csci241$ pwd
/home/sulliv81/csci241
sulliv81@cf164-17:~/csci241$ cd ~\301repo
bash: cd: ~301repo: No such file or directory
sulliv81@cf164-17:~/csci241$ cd ~\301repo[1P301repo/301repo
bash: cd: /home/sulliv81/301repo: No such file or directory
sulliv81@cf164-17:~/csci241$ exit
exit

Script done on 2020-04-12 16:52:12-0700
